Archive member included because of file (symbol)

c:/winavr-20100110/bin/../lib/gcc/avr/4.3.3/avr5\libgcc.a(_udivmodhi4.o)
                              ./HAL/LCD.o (__udivmodhi4)
c:/winavr-20100110/bin/../lib/gcc/avr/4.3.3/avr5\libgcc.a(_exit.o)
                              c:/winavr-20100110/bin/../lib/gcc/avr/4.3.3/../../../../avr/lib/avr5/crtm32.o (exit)
c:/winavr-20100110/bin/../lib/gcc/avr/4.3.3/avr5\libgcc.a(_copy_data.o)
                              ./MCAL/DIO_Lcfg.o (__do_copy_data)
c:/winavr-20100110/bin/../lib/gcc/avr/4.3.3/avr5\libgcc.a(_clear_bss.o)
                              ./MCAL/UART.o (__do_clear_bss)
c:/winavr-20100110/bin/../lib/gcc/avr/4.3.3/avr5\libgcc.a(_divdi3.o)
                              ./HAL/LCD.o (__divdi3)
c:/winavr-20100110/bin/../lib/gcc/avr/4.3.3/avr5\libgcc.a(_moddi3.o)
                              ./HAL/LCD.o (__moddi3)
c:/winavr-20100110/bin/../lib/gcc/avr/4.3.3/avr5\libgcc.a(_mulsi3.o)
                              c:/winavr-20100110/bin/../lib/gcc/avr/4.3.3/avr5\libgcc.a(_divdi3.o) (__mulsi3)
c:/winavr-20100110/bin/../lib/gcc/avr/4.3.3/avr5\libgcc.a(_udivmodsi4.o)
                              c:/winavr-20100110/bin/../lib/gcc/avr/4.3.3/avr5\libgcc.a(_divdi3.o) (__udivmodsi4)
c:/winavr-20100110/bin/../lib/gcc/avr/4.3.3/avr5\libgcc.a(_prologue.o)
                              c:/winavr-20100110/bin/../lib/gcc/avr/4.3.3/avr5\libgcc.a(_divdi3.o) (__prologue_saves__)
c:/winavr-20100110/bin/../lib/gcc/avr/4.3.3/avr5\libgcc.a(_epilogue.o)
                              c:/winavr-20100110/bin/../lib/gcc/avr/4.3.3/avr5\libgcc.a(_divdi3.o) (__epilogue_restores__)
c:/winavr-20100110/bin/../lib/gcc/avr/4.3.3/avr5\libgcc.a(_clz.o)
                              c:/winavr-20100110/bin/../lib/gcc/avr/4.3.3/avr5\libgcc.a(_divdi3.o) (__clz_tab)
c:/winavr-20100110/bin/../lib/gcc/avr/4.3.3/../../../../avr/lib/avr5\libc.a(memcpy.o)
                              ./FreeRTOS/Sources/queue.o (memcpy)
c:/winavr-20100110/bin/../lib/gcc/avr/4.3.3/../../../../avr/lib/avr5\libc.a(memset.o)
                              ./FreeRTOS/Sources/tasks.o (memset)
c:/winavr-20100110/bin/../lib/gcc/avr/4.3.3/../../../../avr/lib/avr5\libc.a(strncpy.o)
                              ./FreeRTOS/Sources/tasks.o (strncpy)

Memory Configuration

Name             Origin             Length             Attributes
text             0x00000000         0x00020000         xr
data             0x00800060         0x0000ffa0         rw !x
eeprom           0x00810000         0x00010000         rw !x
fuse             0x00820000         0x00000400         rw !x
lock             0x00830000         0x00000400         rw !x
signature        0x00840000         0x00000400         rw !x
*default*        0x00000000         0xffffffff

Linker script and memory map

LOAD c:/winavr-20100110/bin/../lib/gcc/avr/4.3.3/../../../../avr/lib/avr5/crtm32.o
LOAD ./MCAL/DIO.o
LOAD ./MCAL/DIO_Lcfg.o
LOAD ./MCAL/UART.o
LOAD ./HAL/LCD.o
LOAD ./FreeRTOS/Sources/croutine.o
LOAD ./FreeRTOS/Sources/heap_1.o
LOAD ./FreeRTOS/Sources/list.o
LOAD ./FreeRTOS/Sources/port.o
LOAD ./FreeRTOS/Sources/queue.o
LOAD ./FreeRTOS/Sources/tasks.o
LOAD ./FreeRTOS/Sources/timers.o
LOAD ./MyTasks.o
LOAD ./main.o
LOAD c:/winavr-20100110/bin/../lib/gcc/avr/4.3.3/avr5\libgcc.a
LOAD c:/winavr-20100110/bin/../lib/gcc/avr/4.3.3/../../../../avr/lib/avr5\libc.a
LOAD c:/winavr-20100110/bin/../lib/gcc/avr/4.3.3/avr5\libgcc.a

.hash
 *(.hash)

.dynsym
 *(.dynsym)

.dynstr
 *(.dynstr)

.gnu.version
 *(.gnu.version)

.gnu.version_d
 *(.gnu.version_d)

.gnu.version_r
 *(.gnu.version_r)

.rel.init
 *(.rel.init)

.rela.init
 *(.rela.init)

.rel.text
 *(.rel.text)
 *(.rel.text.*)
 *(.rel.gnu.linkonce.t*)

.rela.text
 *(.rela.text)
 *(.rela.text.*)
 *(.rela.gnu.linkonce.t*)

.rel.fini
 *(.rel.fini)

.rela.fini
 *(.rela.fini)

.rel.rodata
 *(.rel.rodata)
 *(.rel.rodata.*)
 *(.rel.gnu.linkonce.r*)

.rela.rodata
 *(.rela.rodata)
 *(.rela.rodata.*)
 *(.rela.gnu.linkonce.r*)

.rel.data
 *(.rel.data)
 *(.rel.data.*)
 *(.rel.gnu.linkonce.d*)

.rela.data
 *(.rela.data)
 *(.rela.data.*)
 *(.rela.gnu.linkonce.d*)

.rel.ctors
 *(.rel.ctors)

.rela.ctors
 *(.rela.ctors)

.rel.dtors
 *(.rel.dtors)

.rela.dtors
 *(.rela.dtors)

.rel.got
 *(.rel.got)

.rela.got
 *(.rela.got)

.rel.bss
 *(.rel.bss)

.rela.bss
 *(.rela.bss)

.rel.plt
 *(.rel.plt)

.rela.plt
 *(.rela.plt)

.text           0x00000000     0x4520
 *(.vectors)
 .vectors       0x00000000       0x54 c:/winavr-20100110/bin/../lib/gcc/avr/4.3.3/../../../../avr/lib/avr5/crtm32.o
                0x00000000                __vectors
                0x00000000                __vector_default
 *(.vectors)
 *(.progmem.gcc*)
 *(.progmem*)
                0x00000054                . = ALIGN (0x2)
                0x00000054                __trampolines_start = .
 *(.trampolines)
 .trampolines   0x00000054        0x0 linker stubs
 *(.trampolines*)
                0x00000054                __trampolines_end = .
 *(.jumptables)
 *(.jumptables*)
 *(.lowtext)
 *(.lowtext*)
                0x00000054                __ctors_start = .
 *(.ctors)
                0x00000054                __ctors_end = .
                0x00000054                __dtors_start = .
 *(.dtors)
                0x00000054                __dtors_end = .
 SORT(*)(.ctors)
 SORT(*)(.dtors)
 *(.init0)
 .init0         0x00000054        0x0 c:/winavr-20100110/bin/../lib/gcc/avr/4.3.3/../../../../avr/lib/avr5/crtm32.o
                0x00000054                __init
 *(.init0)
 *(.init1)
 *(.init1)
 *(.init2)
 .init2         0x00000054        0xc c:/winavr-20100110/bin/../lib/gcc/avr/4.3.3/../../../../avr/lib/avr5/crtm32.o
 *(.init2)
 *(.init3)
 *(.init3)
 *(.init4)
 .init4         0x00000060       0x16 c:/winavr-20100110/bin/../lib/gcc/avr/4.3.3/avr5\libgcc.a(_copy_data.o)
                0x00000060                __do_copy_data
 .init4         0x00000076       0x10 c:/winavr-20100110/bin/../lib/gcc/avr/4.3.3/avr5\libgcc.a(_clear_bss.o)
                0x00000076                __do_clear_bss
 *(.init4)
 *(.init5)
 *(.init5)
 *(.init6)
 *(.init6)
 *(.init7)
 *(.init7)
 *(.init8)
 *(.init8)
 *(.init9)
 .init9         0x00000086        0x8 c:/winavr-20100110/bin/../lib/gcc/avr/4.3.3/../../../../avr/lib/avr5/crtm32.o
 *(.init9)
 *(.text)
 .text          0x0000008e        0x4 c:/winavr-20100110/bin/../lib/gcc/avr/4.3.3/../../../../avr/lib/avr5/crtm32.o
                0x0000008e                __vector_1
                0x0000008e                __vector_12
                0x0000008e                __bad_interrupt
                0x0000008e                __vector_6
                0x0000008e                __vector_3
                0x0000008e                __vector_11
                0x0000008e                __vector_17
                0x0000008e                __vector_19
                0x0000008e                __vector_5
                0x0000008e                __vector_4
                0x0000008e                __vector_9
                0x0000008e                __vector_2
                0x0000008e                __vector_8
                0x0000008e                __vector_14
                0x0000008e                __vector_10
                0x0000008e                __vector_16
                0x0000008e                __vector_18
                0x0000008e                __vector_20
 .text          0x00000092        0x0 ./MCAL/DIO.o
 .text          0x00000092        0x0 ./MCAL/DIO_Lcfg.o
 .text          0x00000092        0x0 ./MCAL/UART.o
 .text          0x00000092        0x0 ./HAL/LCD.o
 .text          0x00000092        0x0 ./FreeRTOS/Sources/croutine.o
 .text          0x00000092        0x0 ./FreeRTOS/Sources/heap_1.o
 .text          0x00000092        0x0 ./FreeRTOS/Sources/list.o
 .text          0x00000092        0x0 ./FreeRTOS/Sources/port.o
 .text          0x00000092        0x0 ./FreeRTOS/Sources/queue.o
 .text          0x00000092        0x0 ./FreeRTOS/Sources/tasks.o
 .text          0x00000092        0x0 ./FreeRTOS/Sources/timers.o
 .text          0x00000092        0x0 ./MyTasks.o
 .text          0x00000092        0x0 ./main.o
 .text          0x00000092        0x0 c:/winavr-20100110/bin/../lib/gcc/avr/4.3.3/avr5\libgcc.a(_udivmodhi4.o)
 .text          0x00000092        0x0 c:/winavr-20100110/bin/../lib/gcc/avr/4.3.3/avr5\libgcc.a(_exit.o)
 .text          0x00000092        0x0 c:/winavr-20100110/bin/../lib/gcc/avr/4.3.3/avr5\libgcc.a(_copy_data.o)
 .text          0x00000092        0x0 c:/winavr-20100110/bin/../lib/gcc/avr/4.3.3/avr5\libgcc.a(_clear_bss.o)
 .text          0x00000092     0x1050 c:/winavr-20100110/bin/../lib/gcc/avr/4.3.3/avr5\libgcc.a(_divdi3.o)
                0x00000092                __divdi3
 .text          0x000010e2     0x107a c:/winavr-20100110/bin/../lib/gcc/avr/4.3.3/avr5\libgcc.a(_moddi3.o)
                0x000010e2                __moddi3
 .text          0x0000215c        0x0 c:/winavr-20100110/bin/../lib/gcc/avr/4.3.3/avr5\libgcc.a(_mulsi3.o)
 .text          0x0000215c        0x0 c:/winavr-20100110/bin/../lib/gcc/avr/4.3.3/avr5\libgcc.a(_udivmodsi4.o)
 .text          0x0000215c        0x0 c:/winavr-20100110/bin/../lib/gcc/avr/4.3.3/avr5\libgcc.a(_prologue.o)
 .text          0x0000215c        0x0 c:/winavr-20100110/bin/../lib/gcc/avr/4.3.3/avr5\libgcc.a(_epilogue.o)
 .text          0x0000215c        0x0 c:/winavr-20100110/bin/../lib/gcc/avr/4.3.3/avr5\libgcc.a(_clz.o)
 .text          0x0000215c        0x0 c:/winavr-20100110/bin/../lib/gcc/avr/4.3.3/../../../../avr/lib/avr5\libc.a(memcpy.o)
 .text          0x0000215c        0x0 c:/winavr-20100110/bin/../lib/gcc/avr/4.3.3/../../../../avr/lib/avr5\libc.a(memset.o)
 .text          0x0000215c        0x0 c:/winavr-20100110/bin/../lib/gcc/avr/4.3.3/../../../../avr/lib/avr5\libc.a(strncpy.o)
                0x0000215c                . = ALIGN (0x2)
 *(.text.*)
 .text.DIO_InitPin
                0x0000215c      0x1a2 ./MCAL/DIO.o
                0x0000215c                DIO_InitPin
 .text.DIO_Init
                0x000022fe       0x2e ./MCAL/DIO.o
                0x000022fe                DIO_Init
 .text.DIO_WritePin
                0x0000232c       0xe6 ./MCAL/DIO.o
                0x0000232c                DIO_WritePin
 .text.DIO_ReadPin
                0x00002412       0x4a ./MCAL/DIO.o
                0x00002412                DIO_ReadPin
 .text.DIO_TogglePin
                0x0000245c       0x74 ./MCAL/DIO.o
                0x0000245c                DIO_TogglePin
 .text.DIO_WritePort
                0x000024d0       0x22 ./MCAL/DIO.o
                0x000024d0                DIO_WritePort
 .text.UART_Init
                0x000024f2        0xc ./MCAL/UART.o
                0x000024f2                UART_Init
 .text.UART_Send
                0x000024fe        0x8 ./MCAL/UART.o
                0x000024fe                UART_Send
 .text.UART_Receive
                0x00002506        0x8 ./MCAL/UART.o
                0x00002506                UART_Receive
 .text.UART_RecievePerodic
                0x0000250e       0x12 ./MCAL/UART.o
                0x0000250e                UART_RecievePerodic
 .text.UART_ReceiveNoBlock
                0x00002520        0x4 ./MCAL/UART.o
                0x00002520                UART_ReceiveNoBlock
 .text.UART_SendNoBlock
                0x00002524        0x4 ./MCAL/UART.o
                0x00002524                UART_SendNoBlock
 .text.RX_InterruptEnable
                0x00002528        0x4 ./MCAL/UART.o
                0x00002528                RX_InterruptEnable
 .text.RX_InterruptDisable
                0x0000252c        0x4 ./MCAL/UART.o
                0x0000252c                RX_InterruptDisable
 .text.TX_InterruptEnable
                0x00002530        0x4 ./MCAL/UART.o
                0x00002530                TX_InterruptEnable
 .text.TX_InterruptDisable
                0x00002534        0x4 ./MCAL/UART.o
                0x00002534                TX_InterruptDisable
 .text.Set_TX_CallBack
                0x00002538        0xa ./MCAL/UART.o
                0x00002538                Set_TX_CallBack
 .text.Set_RX_CallBack
                0x00002542        0xa ./MCAL/UART.o
                0x00002542                Set_RX_CallBack
 .text.__vector_15
                0x0000254c       0x52 ./MCAL/UART.o
                0x0000254c                __vector_15
 .text.__vector_13
                0x0000259e       0x52 ./MCAL/UART.o
                0x0000259e                __vector_13
 .text.LCD_WriteData
                0x000025f0       0xc8 ./HAL/LCD.o
                0x000025f0                LCD_WriteData
 .text.LCD_WriteNumberInBinary2
                0x000026b8       0x50 ./HAL/LCD.o
                0x000026b8                LCD_WriteNumberInBinary2
 .text.LCD_WriteNumberInBinary
                0x00002708       0x3a ./HAL/LCD.o
                0x00002708                LCD_WriteNumberInBinary
 .text.LCD_WriteChar
                0x00002742        0x6 ./HAL/LCD.o
                0x00002742                LCD_WriteChar
 .text.LCD_WriteNumber_4D
                0x00002748       0x68 ./HAL/LCD.o
                0x00002748                LCD_WriteNumber_4D
 .text.LCD_WriteNumber
                0x000027b0      0x1f6 ./HAL/LCD.o
                0x000027b0                LCD_WriteNumber
 .text.LCD_WriteString
                0x000029a6       0x26 ./HAL/LCD.o
                0x000029a6                LCD_WriteString
 .text.LCD_WriteCommand
                0x000029cc       0xc8 ./HAL/LCD.o
                0x000029cc                LCD_WriteCommand
 .text.LCD_CreateCharacter
                0x00002a94       0x3a ./HAL/LCD.o
                0x00002a94                LCD_CreateCharacter
 .text.Create_Character
                0x00002ace       0x3a ./HAL/LCD.o
                0x00002ace                Create_Character
 .text.LCD_GoTo
                0x00002b08       0x1c ./HAL/LCD.o
                0x00002b08                LCD_GoTo
 .text.LCD_WriteNumber_GoTo
                0x00002b24       0x3e ./HAL/LCD.o
                0x00002b24                LCD_WriteNumber_GoTo
 .text.LCD_Clear
                0x00002b62        0x8 ./HAL/LCD.o
                0x00002b62                LCD_Clear
 .text.LCD_Init
                0x00002b6a       0x5e ./HAL/LCD.o
                0x00002b6a                LCD_Init
 .text.xCoRoutineRemoveFromEventList
                0x00002bc8       0x4e ./FreeRTOS/Sources/croutine.o
                0x00002bc8                xCoRoutineRemoveFromEventList
 .text.vCoRoutineSchedule
                0x00002c16      0x1c0 ./FreeRTOS/Sources/croutine.o
                0x00002c16                vCoRoutineSchedule
 .text.vCoRoutineAddToDelayedList
                0x00002dd6       0x7a ./FreeRTOS/Sources/croutine.o
                0x00002dd6                vCoRoutineAddToDelayedList
 .text.xCoRoutineCreate
                0x00002e50       0xf4 ./FreeRTOS/Sources/croutine.o
                0x00002e50                xCoRoutineCreate
 .text.vPortFree
                0x00002f44        0x2 ./FreeRTOS/Sources/heap_1.o
                0x00002f44                vPortFree
 .text.vPortInitialiseBlocks
                0x00002f46        0xa ./FreeRTOS/Sources/heap_1.o
                0x00002f46                vPortInitialiseBlocks
 .text.xPortGetFreeHeapSize
                0x00002f50       0x14 ./FreeRTOS/Sources/heap_1.o
                0x00002f50                xPortGetFreeHeapSize
 .text.pvPortMalloc
                0x00002f64       0x4e ./FreeRTOS/Sources/heap_1.o
                0x00002f64                pvPortMalloc
 .text.vListInitialise
                0x00002fb2       0x20 ./FreeRTOS/Sources/list.o
                0x00002fb2                vListInitialise
 .text.vListInitialiseItem
                0x00002fd2        0x8 ./FreeRTOS/Sources/list.o
                0x00002fd2                vListInitialiseItem
 .text.vListInsertEnd
                0x00002fda       0x52 ./FreeRTOS/Sources/list.o
                0x00002fda                vListInsertEnd
 .text.vListInsert
                0x0000302c       0x6a ./FreeRTOS/Sources/list.o
                0x0000302c                vListInsert
 .text.vListRemove
                0x00003096       0x50 ./FreeRTOS/Sources/list.o
                0x00003096                vListRemove
 .text.pxPortInitialiseStack
                0x000030e6       0x90 ./FreeRTOS/Sources/port.o
                0x000030e6                pxPortInitialiseStack
 .text.xPortStartScheduler
                0x00003176       0x6a ./FreeRTOS/Sources/port.o
                0x00003176                xPortStartScheduler
 .text.vPortEndScheduler
                0x000031e0        0x2 ./FreeRTOS/Sources/port.o
                0x000031e0                vPortEndScheduler
 .text.vPortYieldFromTick
                0x000031e2       0xb6 ./FreeRTOS/Sources/port.o
                0x000031e2                vPortYieldFromTick
 .text.__vector_7
                0x00003298        0x6 ./FreeRTOS/Sources/port.o
                0x00003298                __vector_7
 .text.vPortYield
                0x0000329e       0xb2 ./FreeRTOS/Sources/port.o
                0x0000329e                vPortYield
 .text.uxQueueMessagesWaiting
                0x00003350       0x10 ./FreeRTOS/Sources/queue.o
                0x00003350                uxQueueMessagesWaiting
 .text.uxQueueMessagesWaitingFromISR
                0x00003360        0x6 ./FreeRTOS/Sources/queue.o
                0x00003360                uxQueueMessagesWaitingFromISR
 .text.xQueueIsQueueEmptyFromISR
                0x00003366       0x10 ./FreeRTOS/Sources/queue.o
                0x00003366                xQueueIsQueueEmptyFromISR
 .text.xQueueIsQueueFullFromISR
                0x00003376       0x12 ./FreeRTOS/Sources/queue.o
                0x00003376                xQueueIsQueueFullFromISR
 .text.vQueueDelete
                0x00003388       0x1c ./FreeRTOS/Sources/queue.o
                0x00003388                vQueueDelete
 .text.xQueueReceiveFromISR
                0x000033a4       0x7e ./FreeRTOS/Sources/queue.o
                0x000033a4                xQueueReceiveFromISR
 .text.prvCopyDataToQueue
                0x00003422       0x82 ./FreeRTOS/Sources/queue.o
 .text.xQueueGenericSendFromISR
                0x000034a4       0x50 ./FreeRTOS/Sources/queue.o
                0x000034a4                xQueueGenericSendFromISR
 .text.prvUnlockQueue
                0x000034f4       0x80 ./FreeRTOS/Sources/queue.o
 .text.xQueueGenericReceive
                0x00003574      0x198 ./FreeRTOS/Sources/queue.o
                0x00003574                xQueueGenericReceive
 .text.xQueueGenericSend
                0x0000370c      0x148 ./FreeRTOS/Sources/queue.o
                0x0000370c                xQueueGenericSend
 .text.xQueueCreate
                0x00003854       0xbe ./FreeRTOS/Sources/queue.o
                0x00003854                xQueueCreate
 .text.xQueueCreateCountingSemaphore
                0x00003912       0x18 ./FreeRTOS/Sources/queue.o
                0x00003912                xQueueCreateCountingSemaphore
 .text.vTaskSuspendAll
                0x0000392a        0xc ./FreeRTOS/Sources/tasks.o
                0x0000392a                vTaskSuspendAll
 .text.xTaskGetTickCount
                0x00003936       0x16 ./FreeRTOS/Sources/tasks.o
                0x00003936                xTaskGetTickCount
 .text.xTaskGetTickCountFromISR
                0x0000394c        0xc ./FreeRTOS/Sources/tasks.o
                0x0000394c                xTaskGetTickCountFromISR
 .text.uxTaskGetNumberOfTasks
                0x00003958        0x6 ./FreeRTOS/Sources/tasks.o
                0x00003958                uxTaskGetNumberOfTasks
 .text.vTaskSwitchContext
                0x0000395e       0x84 ./FreeRTOS/Sources/tasks.o
                0x0000395e                vTaskSwitchContext
 .text.vTaskSetTimeOutState
                0x000039e2       0x16 ./FreeRTOS/Sources/tasks.o
                0x000039e2                vTaskSetTimeOutState
 .text.xTaskCheckForTimeOut
                0x000039f8       0x74 ./FreeRTOS/Sources/tasks.o
                0x000039f8                xTaskCheckForTimeOut
 .text.vTaskMissedYield
                0x00003a6c        0x8 ./FreeRTOS/Sources/tasks.o
                0x00003a6c                vTaskMissedYield
 .text.xTaskRemoveFromEventList
                0x00003a74       0x7e ./FreeRTOS/Sources/tasks.o
                0x00003a74                xTaskRemoveFromEventList
 .text.vTaskIncrementTick
                0x00003af2      0x148 ./FreeRTOS/Sources/tasks.o
                0x00003af2                vTaskIncrementTick
 .text.prvAddCurrentTaskToDelayedList
                0x00003c3a       0x6e ./FreeRTOS/Sources/tasks.o
 .text.vTaskPlaceOnEventList
                0x00003ca8       0x3a ./FreeRTOS/Sources/tasks.o
                0x00003ca8                vTaskPlaceOnEventList
 .text.xTaskResumeAll
                0x00003ce2       0xf6 ./FreeRTOS/Sources/tasks.o
                0x00003ce2                xTaskResumeAll
 .text.vTaskDelay
                0x00003dd8       0x4e ./FreeRTOS/Sources/tasks.o
                0x00003dd8                vTaskDelay
 .text.vTaskDelayUntil
                0x00003e26       0x78 ./FreeRTOS/Sources/tasks.o
                0x00003e26                vTaskDelayUntil
 .text.vTaskDelete
                0x00003e9e       0x9a ./FreeRTOS/Sources/tasks.o
                0x00003e9e                vTaskDelete
 .text.vTaskEndScheduler
                0x00003f38        0xc ./FreeRTOS/Sources/tasks.o
                0x00003f38                vTaskEndScheduler
 .text.prvIdleTask
                0x00003f44       0x66 ./FreeRTOS/Sources/tasks.o
 .text.xTaskGenericCreate
                0x00003faa      0x1fe ./FreeRTOS/Sources/tasks.o
                0x00003faa                xTaskGenericCreate
 .text.vTaskStartScheduler
                0x000041a8       0x56 ./FreeRTOS/Sources/tasks.o
                0x000041a8                vTaskStartScheduler
 .text.Task3_ReadUart
                0x000041fe       0x2c ./MyTasks.o
                0x000041fe                Task3_ReadUart
 .text.Task2_ButtonCheck
                0x0000422a       0x54 ./MyTasks.o
                0x0000422a                Task2_ButtonCheck
 .text.Task1_LcdUpdate
                0x0000427e       0x6e ./MyTasks.o
                0x0000427e                Task1_LcdUpdate
 .text.Uart_Buffer
                0x000042ec       0x30 ./MyTasks.o
                0x000042ec                Uart_Buffer
 .text.vInitEcu
                0x0000431c       0x38 ./main.o
                0x0000431c                vInitEcu
 .text.main     0x00004354       0x72 ./main.o
                0x00004354                main
 .text.libgcc   0x000043c6       0x28 c:/winavr-20100110/bin/../lib/gcc/avr/4.3.3/avr5\libgcc.a(_udivmodhi4.o)
                0x000043c6                __udivmodhi4
 .text.libgcc   0x000043ee        0x0 c:/winavr-20100110/bin/../lib/gcc/avr/4.3.3/avr5\libgcc.a(_exit.o)
 .text.libgcc   0x000043ee        0x0 c:/winavr-20100110/bin/../lib/gcc/avr/4.3.3/avr5\libgcc.a(_copy_data.o)
 .text.libgcc   0x000043ee        0x0 c:/winavr-20100110/bin/../lib/gcc/avr/4.3.3/avr5\libgcc.a(_clear_bss.o)
 .text.libgcc   0x000043ee       0x3e c:/winavr-20100110/bin/../lib/gcc/avr/4.3.3/avr5\libgcc.a(_mulsi3.o)
                0x000043ee                __mulsi3
 .text.libgcc   0x0000442c       0x44 c:/winavr-20100110/bin/../lib/gcc/avr/4.3.3/avr5\libgcc.a(_udivmodsi4.o)
                0x0000442c                __udivmodsi4
 .text.libgcc   0x00004470       0x38 c:/winavr-20100110/bin/../lib/gcc/avr/4.3.3/avr5\libgcc.a(_prologue.o)
                0x00004470                __prologue_saves__
 .text.libgcc   0x000044a8       0x36 c:/winavr-20100110/bin/../lib/gcc/avr/4.3.3/avr5\libgcc.a(_epilogue.o)
                0x000044a8                __epilogue_restores__
 .text.avr-libc
                0x000044de       0x12 c:/winavr-20100110/bin/../lib/gcc/avr/4.3.3/../../../../avr/lib/avr5\libc.a(memcpy.o)
                0x000044de                memcpy
 .text.avr-libc
                0x000044f0        0xe c:/winavr-20100110/bin/../lib/gcc/avr/4.3.3/../../../../avr/lib/avr5\libc.a(memset.o)
                0x000044f0                memset
 .text.avr-libc
                0x000044fe       0x1e c:/winavr-20100110/bin/../lib/gcc/avr/4.3.3/../../../../avr/lib/avr5\libc.a(strncpy.o)
                0x000044fe                strncpy
                0x0000451c                . = ALIGN (0x2)
 *(.fini9)
 .fini9         0x0000451c        0x0 c:/winavr-20100110/bin/../lib/gcc/avr/4.3.3/avr5\libgcc.a(_exit.o)
                0x0000451c                exit
                0x0000451c                _exit
 *(.fini9)
 *(.fini8)
 *(.fini8)
 *(.fini7)
 *(.fini7)
 *(.fini6)
 *(.fini6)
 *(.fini5)
 *(.fini5)
 *(.fini4)
 *(.fini4)
 *(.fini3)
 *(.fini3)
 *(.fini2)
 *(.fini2)
 *(.fini1)
 *(.fini1)
 *(.fini0)
 .fini0         0x0000451c        0x4 c:/winavr-20100110/bin/../lib/gcc/avr/4.3.3/avr5\libgcc.a(_exit.o)
 *(.fini0)
                0x00004520                _etext = .

.data           0x00800060      0x128 load address 0x00004520
                0x00800060                PROVIDE (__data_start, .)
 *(.data)
 .data          0x00800060        0x0 c:/winavr-20100110/bin/../lib/gcc/avr/4.3.3/../../../../avr/lib/avr5/crtm32.o
 .data          0x00800060        0x0 ./MCAL/DIO.o
 .data          0x00800060        0x0 ./MCAL/DIO_Lcfg.o
 .data          0x00800060        0x0 ./MCAL/UART.o
 .data          0x00800060        0x0 ./HAL/LCD.o
 .data          0x00800060        0x0 ./FreeRTOS/Sources/croutine.o
 .data          0x00800060        0x0 ./FreeRTOS/Sources/heap_1.o
 .data          0x00800060        0x0 ./FreeRTOS/Sources/list.o
 .data          0x00800060        0x0 ./FreeRTOS/Sources/port.o
 .data          0x00800060        0x0 ./FreeRTOS/Sources/queue.o
 .data          0x00800060        0x5 ./FreeRTOS/Sources/tasks.o
 .data          0x00800065        0x0 ./FreeRTOS/Sources/timers.o
 .data          0x00800065        0x0 ./MyTasks.o
 .data          0x00800065        0x0 ./main.o
 .data          0x00800065        0x0 c:/winavr-20100110/bin/../lib/gcc/avr/4.3.3/avr5\libgcc.a(_udivmodhi4.o)
 .data          0x00800065        0x0 c:/winavr-20100110/bin/../lib/gcc/avr/4.3.3/avr5\libgcc.a(_exit.o)
 .data          0x00800065        0x0 c:/winavr-20100110/bin/../lib/gcc/avr/4.3.3/avr5\libgcc.a(_copy_data.o)
 .data          0x00800065        0x0 c:/winavr-20100110/bin/../lib/gcc/avr/4.3.3/avr5\libgcc.a(_clear_bss.o)
 .data          0x00800065        0x0 c:/winavr-20100110/bin/../lib/gcc/avr/4.3.3/avr5\libgcc.a(_divdi3.o)
 .data          0x00800065        0x0 c:/winavr-20100110/bin/../lib/gcc/avr/4.3.3/avr5\libgcc.a(_moddi3.o)
 .data          0x00800065        0x0 c:/winavr-20100110/bin/../lib/gcc/avr/4.3.3/avr5\libgcc.a(_mulsi3.o)
 .data          0x00800065        0x0 c:/winavr-20100110/bin/../lib/gcc/avr/4.3.3/avr5\libgcc.a(_udivmodsi4.o)
 .data          0x00800065        0x0 c:/winavr-20100110/bin/../lib/gcc/avr/4.3.3/avr5\libgcc.a(_prologue.o)
 .data          0x00800065        0x0 c:/winavr-20100110/bin/../lib/gcc/avr/4.3.3/avr5\libgcc.a(_epilogue.o)
 .data          0x00800065      0x100 c:/winavr-20100110/bin/../lib/gcc/avr/4.3.3/avr5\libgcc.a(_clz.o)
                0x00800065                __clz_tab
 .data          0x00800165        0x0 c:/winavr-20100110/bin/../lib/gcc/avr/4.3.3/../../../../avr/lib/avr5\libc.a(memcpy.o)
 .data          0x00800165        0x0 c:/winavr-20100110/bin/../lib/gcc/avr/4.3.3/../../../../avr/lib/avr5\libc.a(memset.o)
 .data          0x00800165        0x0 c:/winavr-20100110/bin/../lib/gcc/avr/4.3.3/../../../../avr/lib/avr5\libc.a(strncpy.o)
 *(.data*)
 .data.xNextTaskUnblockTime
                0x00800165        0x2 ./FreeRTOS/Sources/tasks.o
 *(.rodata)
 *(.rodata*)
 .rodata.PinsStatusArray
                0x00800167       0x20 ./MCAL/DIO_Lcfg.o
                0x00800167                PinsStatusArray
 *(.gnu.linkonce.d*)
                0x00800188                . = ALIGN (0x2)
 *fill*         0x00800187        0x1 00
                0x00800188                _edata = .
                0x00800188                PROVIDE (__data_end, .)

.bss            0x00800188      0x48f
                0x00800188                PROVIDE (__bss_start, .)
 *(.bss)
 .bss           0x00800188        0x0 c:/winavr-20100110/bin/../lib/gcc/avr/4.3.3/../../../../avr/lib/avr5/crtm32.o
 .bss           0x00800188        0x0 ./MCAL/DIO.o
 .bss           0x00800188        0x0 ./MCAL/DIO_Lcfg.o
 .bss           0x00800188        0x0 ./MCAL/UART.o
 .bss           0x00800188        0x0 ./HAL/LCD.o
 .bss           0x00800188        0x0 ./FreeRTOS/Sources/croutine.o
 .bss           0x00800188        0x0 ./FreeRTOS/Sources/heap_1.o
 .bss           0x00800188        0x0 ./FreeRTOS/Sources/list.o
 .bss           0x00800188        0x0 ./FreeRTOS/Sources/port.o
 .bss           0x00800188        0x0 ./FreeRTOS/Sources/queue.o
 .bss           0x00800188        0x0 ./FreeRTOS/Sources/tasks.o
 .bss           0x00800188        0x0 ./FreeRTOS/Sources/timers.o
 .bss           0x00800188        0x0 ./MyTasks.o
 .bss           0x00800188        0x0 ./main.o
 .bss           0x00800188        0x0 c:/winavr-20100110/bin/../lib/gcc/avr/4.3.3/avr5\libgcc.a(_udivmodhi4.o)
 .bss           0x00800188        0x0 c:/winavr-20100110/bin/../lib/gcc/avr/4.3.3/avr5\libgcc.a(_exit.o)
 .bss           0x00800188        0x0 c:/winavr-20100110/bin/../lib/gcc/avr/4.3.3/avr5\libgcc.a(_copy_data.o)
 .bss           0x00800188        0x0 c:/winavr-20100110/bin/../lib/gcc/avr/4.3.3/avr5\libgcc.a(_clear_bss.o)
 .bss           0x00800188        0x0 c:/winavr-20100110/bin/../lib/gcc/avr/4.3.3/avr5\libgcc.a(_divdi3.o)
 .bss           0x00800188        0x0 c:/winavr-20100110/bin/../lib/gcc/avr/4.3.3/avr5\libgcc.a(_moddi3.o)
 .bss           0x00800188        0x0 c:/winavr-20100110/bin/../lib/gcc/avr/4.3.3/avr5\libgcc.a(_mulsi3.o)
 .bss           0x00800188        0x0 c:/winavr-20100110/bin/../lib/gcc/avr/4.3.3/avr5\libgcc.a(_udivmodsi4.o)
 .bss           0x00800188        0x0 c:/winavr-20100110/bin/../lib/gcc/avr/4.3.3/avr5\libgcc.a(_prologue.o)
 .bss           0x00800188        0x0 c:/winavr-20100110/bin/../lib/gcc/avr/4.3.3/avr5\libgcc.a(_epilogue.o)
 .bss           0x00800188        0x0 c:/winavr-20100110/bin/../lib/gcc/avr/4.3.3/avr5\libgcc.a(_clz.o)
 .bss           0x00800188        0x0 c:/winavr-20100110/bin/../lib/gcc/avr/4.3.3/../../../../avr/lib/avr5\libc.a(memcpy.o)
 .bss           0x00800188        0x0 c:/winavr-20100110/bin/../lib/gcc/avr/4.3.3/../../../../avr/lib/avr5\libc.a(memset.o)
 .bss           0x00800188        0x0 c:/winavr-20100110/bin/../lib/gcc/avr/4.3.3/../../../../avr/lib/avr5\libc.a(strncpy.o)
 *(.bss*)
 .bss.RX_Fptr   0x00800188        0x2 ./MCAL/UART.o
 .bss.TX_Fptr   0x0080018a        0x2 ./MCAL/UART.o
 .bss.pxCurrentCoRoutine
                0x0080018c        0x2 ./FreeRTOS/Sources/croutine.o
                0x0080018c                pxCurrentCoRoutine
 .bss.uxTopCoRoutineReadyPriority
                0x0080018e        0x1 ./FreeRTOS/Sources/croutine.o
 .bss.xLastTickCount
                0x0080018f        0x2 ./FreeRTOS/Sources/croutine.o
 .bss.xPassedTicks
                0x00800191        0x2 ./FreeRTOS/Sources/croutine.o
 .bss.xCoRoutineTickCount
                0x00800193        0x2 ./FreeRTOS/Sources/croutine.o
 .bss.pxReadyCoRoutineLists
                0x00800195       0x12 ./FreeRTOS/Sources/croutine.o
 .bss.xDelayedCoRoutineList1
                0x008001a7        0x9 ./FreeRTOS/Sources/croutine.o
 .bss.xDelayedCoRoutineList2
                0x008001b0        0x9 ./FreeRTOS/Sources/croutine.o
 .bss.pxDelayedCoRoutineList
                0x008001b9        0x2 ./FreeRTOS/Sources/croutine.o
 .bss.pxOverflowDelayedCoRoutineList
                0x008001bb        0x2 ./FreeRTOS/Sources/croutine.o
 .bss.xPendingReadyCoRoutineList
                0x008001bd        0x9 ./FreeRTOS/Sources/croutine.o
 .bss.xNextFreeByte
                0x008001c6        0x2 ./FreeRTOS/Sources/heap_1.o
 .bss.xHeap     0x008001c8      0x384 ./FreeRTOS/Sources/heap_1.o
 .bss.pxCurrentTCB
                0x0080054c        0x2 ./FreeRTOS/Sources/tasks.o
                0x0080054c                pxCurrentTCB
 .bss.xMissedYield
                0x0080054e        0x1 ./FreeRTOS/Sources/tasks.o
 .bss.xNumOfOverflows
                0x0080054f        0x1 ./FreeRTOS/Sources/tasks.o
 .bss.xTickCount
                0x00800550        0x2 ./FreeRTOS/Sources/tasks.o
 .bss.uxSchedulerSuspended
                0x00800552        0x1 ./FreeRTOS/Sources/tasks.o
 .bss.uxTopReadyPriority
                0x00800553        0x1 ./FreeRTOS/Sources/tasks.o
 .bss.uxMissedTicks
                0x00800554        0x1 ./FreeRTOS/Sources/tasks.o
 .bss.uxCurrentNumberOfTasks
                0x00800555        0x1 ./FreeRTOS/Sources/tasks.o
 .bss.xSchedulerRunning
                0x00800556        0x1 ./FreeRTOS/Sources/tasks.o
 .bss.uxTasksDeleted
                0x00800557        0x1 ./FreeRTOS/Sources/tasks.o
 .bss.uxTaskNumber
                0x00800558        0x1 ./FreeRTOS/Sources/tasks.o
 .bss.uxTopUsedPriority
                0x00800559        0x1 ./FreeRTOS/Sources/tasks.o
 .bss.pxReadyTasksLists
                0x0080055a       0x2d ./FreeRTOS/Sources/tasks.o
 .bss.xDelayedTaskList1
                0x00800587        0x9 ./FreeRTOS/Sources/tasks.o
 .bss.xDelayedTaskList2
                0x00800590        0x9 ./FreeRTOS/Sources/tasks.o
 .bss.pxDelayedTaskList
                0x00800599        0x2 ./FreeRTOS/Sources/tasks.o
 .bss.pxOverflowDelayedTaskList
                0x0080059b        0x2 ./FreeRTOS/Sources/tasks.o
 .bss.xPendingReadyList
                0x0080059d        0x9 ./FreeRTOS/Sources/tasks.o
 .bss.xTasksWaitingTermination
                0x008005a6        0x9 ./FreeRTOS/Sources/tasks.o
 .bss.semSynch  0x008005af        0x2 ./MyTasks.o
                0x008005af                semSynch
 .bss.UART_Buffer
                0x008005b1       0x64 ./MyTasks.o
                0x008005b1                UART_Buffer
 .bss.counter   0x00800615        0x1 ./MyTasks.o
                0x00800615                counter
 .bss.i         0x00800616        0x1 ./MyTasks.o
                0x00800616                i
 *(COMMON)
                0x00800617                PROVIDE (__bss_end, .)
                0x00004520                __data_load_start = LOADADDR (.data)
                0x00004648                __data_load_end = (__data_load_start + SIZEOF (.data))

.noinit         0x00800617        0x0
                0x00800617                PROVIDE (__noinit_start, .)
 *(.noinit*)
                0x00800617                PROVIDE (__noinit_end, .)
                0x00800617                _end = .
                0x00800617                PROVIDE (__heap_start, .)

.eeprom         0x00810000        0x0
 *(.eeprom*)
                0x00810000                __eeprom_end = .

.fuse
 *(.fuse)
 *(.lfuse)
 *(.hfuse)
 *(.efuse)

.lock
 *(.lock*)

.signature
 *(.signature*)

.stab
 *(.stab)

.stabstr
 *(.stabstr)

.stab.excl
 *(.stab.excl)

.stab.exclstr
 *(.stab.exclstr)

.stab.index
 *(.stab.index)

.stab.indexstr
 *(.stab.indexstr)

.comment
 *(.comment)

.debug
 *(.debug)

.line
 *(.line)

.debug_srcinfo
 *(.debug_srcinfo)

.debug_sfnames
 *(.debug_sfnames)

.debug_aranges  0x00000000       0x40
 *(.debug_aranges)
 .debug_aranges
                0x00000000       0x20 c:/winavr-20100110/bin/../lib/gcc/avr/4.3.3/avr5\libgcc.a(_divdi3.o)
 .debug_aranges
                0x00000020       0x20 c:/winavr-20100110/bin/../lib/gcc/avr/4.3.3/avr5\libgcc.a(_moddi3.o)

.debug_pubnames
                0x00000000       0x5e
 *(.debug_pubnames)
 .debug_pubnames
                0x00000000       0x1f c:/winavr-20100110/bin/../lib/gcc/avr/4.3.3/avr5\libgcc.a(_divdi3.o)
 .debug_pubnames
                0x0000001f       0x1f c:/winavr-20100110/bin/../lib/gcc/avr/4.3.3/avr5\libgcc.a(_moddi3.o)
 .debug_pubnames
                0x0000003e       0x20 c:/winavr-20100110/bin/../lib/gcc/avr/4.3.3/avr5\libgcc.a(_clz.o)

.debug_info     0x00000000      0xf80
 *(.debug_info)
 .debug_info    0x00000000      0x756 c:/winavr-20100110/bin/../lib/gcc/avr/4.3.3/avr5\libgcc.a(_divdi3.o)
 .debug_info    0x00000756      0x781 c:/winavr-20100110/bin/../lib/gcc/avr/4.3.3/avr5\libgcc.a(_moddi3.o)
 .debug_info    0x00000ed7       0xa9 c:/winavr-20100110/bin/../lib/gcc/avr/4.3.3/avr5\libgcc.a(_clz.o)
 *(.gnu.linkonce.wi.*)

.debug_abbrev   0x00000000      0x3a8
 *(.debug_abbrev)
 .debug_abbrev  0x00000000      0x19f c:/winavr-20100110/bin/../lib/gcc/avr/4.3.3/avr5\libgcc.a(_divdi3.o)
 .debug_abbrev  0x0000019f      0x19f c:/winavr-20100110/bin/../lib/gcc/avr/4.3.3/avr5\libgcc.a(_moddi3.o)
 .debug_abbrev  0x0000033e       0x6a c:/winavr-20100110/bin/../lib/gcc/avr/4.3.3/avr5\libgcc.a(_clz.o)

.debug_line     0x00000000      0x524
 *(.debug_line)
 .debug_line    0x00000000      0x228 c:/winavr-20100110/bin/../lib/gcc/avr/4.3.3/avr5\libgcc.a(_divdi3.o)
 .debug_line    0x00000228      0x280 c:/winavr-20100110/bin/../lib/gcc/avr/4.3.3/avr5\libgcc.a(_moddi3.o)
 .debug_line    0x000004a8       0x7c c:/winavr-20100110/bin/../lib/gcc/avr/4.3.3/avr5\libgcc.a(_clz.o)

.debug_frame    0x00000000       0x40
 *(.debug_frame)
 .debug_frame   0x00000000       0x20 c:/winavr-20100110/bin/../lib/gcc/avr/4.3.3/avr5\libgcc.a(_divdi3.o)
 .debug_frame   0x00000020       0x20 c:/winavr-20100110/bin/../lib/gcc/avr/4.3.3/avr5\libgcc.a(_moddi3.o)

.debug_str      0x00000000      0x145
 *(.debug_str)
 .debug_str     0x00000000      0x13c c:/winavr-20100110/bin/../lib/gcc/avr/4.3.3/avr5\libgcc.a(_divdi3.o)
                                0x189 (size before relaxing)
 .debug_str     0x0000013c        0x9 c:/winavr-20100110/bin/../lib/gcc/avr/4.3.3/avr5\libgcc.a(_moddi3.o)
                                0x189 (size before relaxing)
 .debug_str     0x00000000       0xf4 c:/winavr-20100110/bin/../lib/gcc/avr/4.3.3/avr5\libgcc.a(_clz.o)

.debug_loc      0x00000000     0x19f2
 *(.debug_loc)
 .debug_loc     0x00000000      0xe71 c:/winavr-20100110/bin/../lib/gcc/avr/4.3.3/avr5\libgcc.a(_divdi3.o)
 .debug_loc     0x00000e71      0xb81 c:/winavr-20100110/bin/../lib/gcc/avr/4.3.3/avr5\libgcc.a(_moddi3.o)

.debug_macinfo
 *(.debug_macinfo)
OUTPUT(G2309_P03_FreeRTOS_Semaphore.elf elf32-avr)
LOAD linker stubs

.debug_ranges   0x00000000       0x30
 .debug_ranges  0x00000000       0x18 c:/winavr-20100110/bin/../lib/gcc/avr/4.3.3/avr5\libgcc.a(_divdi3.o)
 .debug_ranges  0x00000018       0x18 c:/winavr-20100110/bin/../lib/gcc/avr/4.3.3/avr5\libgcc.a(_moddi3.o)
