Archive member included because of file (symbol)

c:/winavr-20100110/bin/../lib/gcc/avr/4.3.3/avr5\libgcc.a(_udivmodhi4.o)
                              ./HAL/LCD.o (__udivmodhi4)
c:/winavr-20100110/bin/../lib/gcc/avr/4.3.3/avr5\libgcc.a(_exit.o)
                              c:/winavr-20100110/bin/../lib/gcc/avr/4.3.3/../../../../avr/lib/avr5/crtm32.o (exit)
c:/winavr-20100110/bin/../lib/gcc/avr/4.3.3/avr5\libgcc.a(_copy_data.o)
                              ./MCAL/DIO_Lcfg.o (__do_copy_data)
c:/winavr-20100110/bin/../lib/gcc/avr/4.3.3/avr5\libgcc.a(_clear_bss.o)
                              ./FreeRTOS/Sources/croutine.o (__do_clear_bss)
c:/winavr-20100110/bin/../lib/gcc/avr/4.3.3/avr5\libgcc.a(_divdi3.o)
                              ./HAL/LCD.o (__divdi3)
c:/winavr-20100110/bin/../lib/gcc/avr/4.3.3/avr5\libgcc.a(_moddi3.o)
                              ./HAL/LCD.o (__moddi3)
c:/winavr-20100110/bin/../lib/gcc/avr/4.3.3/avr5\libgcc.a(_mulsi3.o)
                              c:/winavr-20100110/bin/../lib/gcc/avr/4.3.3/avr5\libgcc.a(_divdi3.o) (__mulsi3)
c:/winavr-20100110/bin/../lib/gcc/avr/4.3.3/avr5\libgcc.a(_udivmodsi4.o)
                              c:/winavr-20100110/bin/../lib/gcc/avr/4.3.3/avr5\libgcc.a(_divdi3.o) (__udivmodsi4)
c:/winavr-20100110/bin/../lib/gcc/avr/4.3.3/avr5\libgcc.a(_prologue.o)
                              c:/winavr-20100110/bin/../lib/gcc/avr/4.3.3/avr5\libgcc.a(_divdi3.o) (__prologue_saves__)
c:/winavr-20100110/bin/../lib/gcc/avr/4.3.3/avr5\libgcc.a(_epilogue.o)
                              c:/winavr-20100110/bin/../lib/gcc/avr/4.3.3/avr5\libgcc.a(_divdi3.o) (__epilogue_restores__)
c:/winavr-20100110/bin/../lib/gcc/avr/4.3.3/avr5\libgcc.a(_clz.o)
                              c:/winavr-20100110/bin/../lib/gcc/avr/4.3.3/avr5\libgcc.a(_divdi3.o) (__clz_tab)
c:/winavr-20100110/bin/../lib/gcc/avr/4.3.3/../../../../avr/lib/avr5\libc.a(memcpy.o)
                              ./FreeRTOS/Sources/queue.o (memcpy)
c:/winavr-20100110/bin/../lib/gcc/avr/4.3.3/../../../../avr/lib/avr5\libc.a(memset.o)
                              ./FreeRTOS/Sources/tasks.o (memset)
c:/winavr-20100110/bin/../lib/gcc/avr/4.3.3/../../../../avr/lib/avr5\libc.a(strncpy.o)
                              ./FreeRTOS/Sources/tasks.o (strncpy)

Memory Configuration

Name             Origin             Length             Attributes
text             0x00000000         0x00020000         xr
data             0x00800060         0x0000ffa0         rw !x
eeprom           0x00810000         0x00010000         rw !x
fuse             0x00820000         0x00000400         rw !x
lock             0x00830000         0x00000400         rw !x
signature        0x00840000         0x00000400         rw !x
*default*        0x00000000         0xffffffff

Linker script and memory map

LOAD c:/winavr-20100110/bin/../lib/gcc/avr/4.3.3/../../../../avr/lib/avr5/crtm32.o
LOAD ./MCAL/DIO.o
LOAD ./MCAL/DIO_Lcfg.o
LOAD ./HAL/LCD.o
LOAD ./FreeRTOS/Sources/croutine.o
LOAD ./FreeRTOS/Sources/heap_1.o
LOAD ./FreeRTOS/Sources/list.o
LOAD ./FreeRTOS/Sources/port.o
LOAD ./FreeRTOS/Sources/queue.o
LOAD ./FreeRTOS/Sources/tasks.o
LOAD ./FreeRTOS/Sources/timers.o
LOAD ./MyTasks.o
LOAD ./main.o
LOAD c:/winavr-20100110/bin/../lib/gcc/avr/4.3.3/avr5\libgcc.a
LOAD c:/winavr-20100110/bin/../lib/gcc/avr/4.3.3/../../../../avr/lib/avr5\libc.a
LOAD c:/winavr-20100110/bin/../lib/gcc/avr/4.3.3/avr5\libgcc.a

.hash
 *(.hash)

.dynsym
 *(.dynsym)

.dynstr
 *(.dynstr)

.gnu.version
 *(.gnu.version)

.gnu.version_d
 *(.gnu.version_d)

.gnu.version_r
 *(.gnu.version_r)

.rel.init
 *(.rel.init)

.rela.init
 *(.rela.init)

.rel.text
 *(.rel.text)
 *(.rel.text.*)
 *(.rel.gnu.linkonce.t*)

.rela.text
 *(.rela.text)
 *(.rela.text.*)
 *(.rela.gnu.linkonce.t*)

.rel.fini
 *(.rel.fini)

.rela.fini
 *(.rela.fini)

.rel.rodata
 *(.rel.rodata)
 *(.rel.rodata.*)
 *(.rel.gnu.linkonce.r*)

.rela.rodata
 *(.rela.rodata)
 *(.rela.rodata.*)
 *(.rela.gnu.linkonce.r*)

.rel.data
 *(.rel.data)
 *(.rel.data.*)
 *(.rel.gnu.linkonce.d*)

.rela.data
 *(.rela.data)
 *(.rela.data.*)
 *(.rela.gnu.linkonce.d*)

.rel.ctors
 *(.rel.ctors)

.rela.ctors
 *(.rela.ctors)

.rel.dtors
 *(.rel.dtors)

.rela.dtors
 *(.rela.dtors)

.rel.got
 *(.rel.got)

.rela.got
 *(.rela.got)

.rel.bss
 *(.rel.bss)

.rela.bss
 *(.rela.bss)

.rel.plt
 *(.rel.plt)

.rela.plt
 *(.rela.plt)

.text           0x00000000     0x43fa
 *(.vectors)
 .vectors       0x00000000       0x54 c:/winavr-20100110/bin/../lib/gcc/avr/4.3.3/../../../../avr/lib/avr5/crtm32.o
                0x00000000                __vectors
                0x00000000                __vector_default
 *(.vectors)
 *(.progmem.gcc*)
 *(.progmem*)
                0x00000054                . = ALIGN (0x2)
                0x00000054                __trampolines_start = .
 *(.trampolines)
 .trampolines   0x00000054        0x0 linker stubs
 *(.trampolines*)
                0x00000054                __trampolines_end = .
 *(.jumptables)
 *(.jumptables*)
 *(.lowtext)
 *(.lowtext*)
                0x00000054                __ctors_start = .
 *(.ctors)
                0x00000054                __ctors_end = .
                0x00000054                __dtors_start = .
 *(.dtors)
                0x00000054                __dtors_end = .
 SORT(*)(.ctors)
 SORT(*)(.dtors)
 *(.init0)
 .init0         0x00000054        0x0 c:/winavr-20100110/bin/../lib/gcc/avr/4.3.3/../../../../avr/lib/avr5/crtm32.o
                0x00000054                __init
 *(.init0)
 *(.init1)
 *(.init1)
 *(.init2)
 .init2         0x00000054        0xc c:/winavr-20100110/bin/../lib/gcc/avr/4.3.3/../../../../avr/lib/avr5/crtm32.o
 *(.init2)
 *(.init3)
 *(.init3)
 *(.init4)
 .init4         0x00000060       0x16 c:/winavr-20100110/bin/../lib/gcc/avr/4.3.3/avr5\libgcc.a(_copy_data.o)
                0x00000060                __do_copy_data
 .init4         0x00000076       0x10 c:/winavr-20100110/bin/../lib/gcc/avr/4.3.3/avr5\libgcc.a(_clear_bss.o)
                0x00000076                __do_clear_bss
 *(.init4)
 *(.init5)
 *(.init5)
 *(.init6)
 *(.init6)
 *(.init7)
 *(.init7)
 *(.init8)
 *(.init8)
 *(.init9)
 .init9         0x00000086        0x8 c:/winavr-20100110/bin/../lib/gcc/avr/4.3.3/../../../../avr/lib/avr5/crtm32.o
 *(.init9)
 *(.text)
 .text          0x0000008e        0x4 c:/winavr-20100110/bin/../lib/gcc/avr/4.3.3/../../../../avr/lib/avr5/crtm32.o
                0x0000008e                __vector_1
                0x0000008e                __vector_12
                0x0000008e                __bad_interrupt
                0x0000008e                __vector_6
                0x0000008e                __vector_3
                0x0000008e                __vector_11
                0x0000008e                __vector_13
                0x0000008e                __vector_17
                0x0000008e                __vector_19
                0x0000008e                __vector_5
                0x0000008e                __vector_4
                0x0000008e                __vector_9
                0x0000008e                __vector_2
                0x0000008e                __vector_15
                0x0000008e                __vector_8
                0x0000008e                __vector_14
                0x0000008e                __vector_10
                0x0000008e                __vector_16
                0x0000008e                __vector_18
                0x0000008e                __vector_20
 .text          0x00000092        0x0 ./MCAL/DIO.o
 .text          0x00000092        0x0 ./MCAL/DIO_Lcfg.o
 .text          0x00000092        0x0 ./HAL/LCD.o
 .text          0x00000092        0x0 ./FreeRTOS/Sources/croutine.o
 .text          0x00000092        0x0 ./FreeRTOS/Sources/heap_1.o
 .text          0x00000092        0x0 ./FreeRTOS/Sources/list.o
 .text          0x00000092        0x0 ./FreeRTOS/Sources/port.o
 .text          0x00000092        0x0 ./FreeRTOS/Sources/queue.o
 .text          0x00000092        0x0 ./FreeRTOS/Sources/tasks.o
 .text          0x00000092        0x0 ./FreeRTOS/Sources/timers.o
 .text          0x00000092        0x0 ./MyTasks.o
 .text          0x00000092        0x0 ./main.o
 .text          0x00000092        0x0 c:/winavr-20100110/bin/../lib/gcc/avr/4.3.3/avr5\libgcc.a(_udivmodhi4.o)
 .text          0x00000092        0x0 c:/winavr-20100110/bin/../lib/gcc/avr/4.3.3/avr5\libgcc.a(_exit.o)
 .text          0x00000092        0x0 c:/winavr-20100110/bin/../lib/gcc/avr/4.3.3/avr5\libgcc.a(_copy_data.o)
 .text          0x00000092        0x0 c:/winavr-20100110/bin/../lib/gcc/avr/4.3.3/avr5\libgcc.a(_clear_bss.o)
 .text          0x00000092     0x1050 c:/winavr-20100110/bin/../lib/gcc/avr/4.3.3/avr5\libgcc.a(_divdi3.o)
                0x00000092                __divdi3
 .text          0x000010e2     0x107a c:/winavr-20100110/bin/../lib/gcc/avr/4.3.3/avr5\libgcc.a(_moddi3.o)
                0x000010e2                __moddi3
 .text          0x0000215c        0x0 c:/winavr-20100110/bin/../lib/gcc/avr/4.3.3/avr5\libgcc.a(_mulsi3.o)
 .text          0x0000215c        0x0 c:/winavr-20100110/bin/../lib/gcc/avr/4.3.3/avr5\libgcc.a(_udivmodsi4.o)
 .text          0x0000215c        0x0 c:/winavr-20100110/bin/../lib/gcc/avr/4.3.3/avr5\libgcc.a(_prologue.o)
 .text          0x0000215c        0x0 c:/winavr-20100110/bin/../lib/gcc/avr/4.3.3/avr5\libgcc.a(_epilogue.o)
 .text          0x0000215c        0x0 c:/winavr-20100110/bin/../lib/gcc/avr/4.3.3/avr5\libgcc.a(_clz.o)
 .text          0x0000215c        0x0 c:/winavr-20100110/bin/../lib/gcc/avr/4.3.3/../../../../avr/lib/avr5\libc.a(memcpy.o)
 .text          0x0000215c        0x0 c:/winavr-20100110/bin/../lib/gcc/avr/4.3.3/../../../../avr/lib/avr5\libc.a(memset.o)
 .text          0x0000215c        0x0 c:/winavr-20100110/bin/../lib/gcc/avr/4.3.3/../../../../avr/lib/avr5\libc.a(strncpy.o)
                0x0000215c                . = ALIGN (0x2)
 *(.text.*)
 .text.DIO_InitPin
                0x0000215c      0x1a2 ./MCAL/DIO.o
                0x0000215c                DIO_InitPin
 .text.DIO_Init
                0x000022fe       0x2e ./MCAL/DIO.o
                0x000022fe                DIO_Init
 .text.DIO_WritePin
                0x0000232c       0xe6 ./MCAL/DIO.o
                0x0000232c                DIO_WritePin
 .text.DIO_ReadPin
                0x00002412       0x4a ./MCAL/DIO.o
                0x00002412                DIO_ReadPin
 .text.DIO_TogglePin
                0x0000245c       0x74 ./MCAL/DIO.o
                0x0000245c                DIO_TogglePin
 .text.DIO_WritePort
                0x000024d0       0x22 ./MCAL/DIO.o
                0x000024d0                DIO_WritePort
 .text.LCD_WriteData
                0x000024f2       0xc8 ./HAL/LCD.o
                0x000024f2                LCD_WriteData
 .text.LCD_WriteNumberInBinary2
                0x000025ba       0x50 ./HAL/LCD.o
                0x000025ba                LCD_WriteNumberInBinary2
 .text.LCD_WriteNumberInBinary
                0x0000260a       0x3a ./HAL/LCD.o
                0x0000260a                LCD_WriteNumberInBinary
 .text.LCD_WriteChar
                0x00002644        0x6 ./HAL/LCD.o
                0x00002644                LCD_WriteChar
 .text.LCD_WriteNumber_4D
                0x0000264a       0x68 ./HAL/LCD.o
                0x0000264a                LCD_WriteNumber_4D
 .text.LCD_WriteNumber
                0x000026b2      0x1f6 ./HAL/LCD.o
                0x000026b2                LCD_WriteNumber
 .text.LCD_WriteString
                0x000028a8       0x26 ./HAL/LCD.o
                0x000028a8                LCD_WriteString
 .text.LCD_WriteCommand
                0x000028ce       0xc8 ./HAL/LCD.o
                0x000028ce                LCD_WriteCommand
 .text.LCD_CreateCharacter
                0x00002996       0x3a ./HAL/LCD.o
                0x00002996                LCD_CreateCharacter
 .text.Create_Character
                0x000029d0       0x3a ./HAL/LCD.o
                0x000029d0                Create_Character
 .text.LCD_GoTo
                0x00002a0a       0x1c ./HAL/LCD.o
                0x00002a0a                LCD_GoTo
 .text.LCD_WriteNumber_GoTo
                0x00002a26       0x3e ./HAL/LCD.o
                0x00002a26                LCD_WriteNumber_GoTo
 .text.LCD_Clear
                0x00002a64        0x8 ./HAL/LCD.o
                0x00002a64                LCD_Clear
 .text.LCD_Init
                0x00002a6c       0x5e ./HAL/LCD.o
                0x00002a6c                LCD_Init
 .text.xCoRoutineRemoveFromEventList
                0x00002aca       0x4e ./FreeRTOS/Sources/croutine.o
                0x00002aca                xCoRoutineRemoveFromEventList
 .text.vCoRoutineSchedule
                0x00002b18      0x1c0 ./FreeRTOS/Sources/croutine.o
                0x00002b18                vCoRoutineSchedule
 .text.vCoRoutineAddToDelayedList
                0x00002cd8       0x7a ./FreeRTOS/Sources/croutine.o
                0x00002cd8                vCoRoutineAddToDelayedList
 .text.xCoRoutineCreate
                0x00002d52       0xf4 ./FreeRTOS/Sources/croutine.o
                0x00002d52                xCoRoutineCreate
 .text.vPortFree
                0x00002e46        0x2 ./FreeRTOS/Sources/heap_1.o
                0x00002e46                vPortFree
 .text.vPortInitialiseBlocks
                0x00002e48        0xa ./FreeRTOS/Sources/heap_1.o
                0x00002e48                vPortInitialiseBlocks
 .text.xPortGetFreeHeapSize
                0x00002e52       0x14 ./FreeRTOS/Sources/heap_1.o
                0x00002e52                xPortGetFreeHeapSize
 .text.pvPortMalloc
                0x00002e66       0x4e ./FreeRTOS/Sources/heap_1.o
                0x00002e66                pvPortMalloc
 .text.vListInitialise
                0x00002eb4       0x20 ./FreeRTOS/Sources/list.o
                0x00002eb4                vListInitialise
 .text.vListInitialiseItem
                0x00002ed4        0x8 ./FreeRTOS/Sources/list.o
                0x00002ed4                vListInitialiseItem
 .text.vListInsertEnd
                0x00002edc       0x52 ./FreeRTOS/Sources/list.o
                0x00002edc                vListInsertEnd
 .text.vListInsert
                0x00002f2e       0x6a ./FreeRTOS/Sources/list.o
                0x00002f2e                vListInsert
 .text.vListRemove
                0x00002f98       0x50 ./FreeRTOS/Sources/list.o
                0x00002f98                vListRemove
 .text.pxPortInitialiseStack
                0x00002fe8       0x90 ./FreeRTOS/Sources/port.o
                0x00002fe8                pxPortInitialiseStack
 .text.xPortStartScheduler
                0x00003078       0x6a ./FreeRTOS/Sources/port.o
                0x00003078                xPortStartScheduler
 .text.vPortEndScheduler
                0x000030e2        0x2 ./FreeRTOS/Sources/port.o
                0x000030e2                vPortEndScheduler
 .text.vPortYieldFromTick
                0x000030e4       0xb6 ./FreeRTOS/Sources/port.o
                0x000030e4                vPortYieldFromTick
 .text.__vector_7
                0x0000319a        0x6 ./FreeRTOS/Sources/port.o
                0x0000319a                __vector_7
 .text.vPortYield
                0x000031a0       0xb2 ./FreeRTOS/Sources/port.o
                0x000031a0                vPortYield
 .text.uxQueueMessagesWaiting
                0x00003252       0x10 ./FreeRTOS/Sources/queue.o
                0x00003252                uxQueueMessagesWaiting
 .text.uxQueueMessagesWaitingFromISR
                0x00003262        0x6 ./FreeRTOS/Sources/queue.o
                0x00003262                uxQueueMessagesWaitingFromISR
 .text.xQueueIsQueueEmptyFromISR
                0x00003268       0x10 ./FreeRTOS/Sources/queue.o
                0x00003268                xQueueIsQueueEmptyFromISR
 .text.xQueueIsQueueFullFromISR
                0x00003278       0x12 ./FreeRTOS/Sources/queue.o
                0x00003278                xQueueIsQueueFullFromISR
 .text.vQueueDelete
                0x0000328a       0x1c ./FreeRTOS/Sources/queue.o
                0x0000328a                vQueueDelete
 .text.xQueueReceiveFromISR
                0x000032a6       0x7e ./FreeRTOS/Sources/queue.o
                0x000032a6                xQueueReceiveFromISR
 .text.prvCopyDataToQueue
                0x00003324       0x82 ./FreeRTOS/Sources/queue.o
 .text.xQueueGenericSendFromISR
                0x000033a6       0x50 ./FreeRTOS/Sources/queue.o
                0x000033a6                xQueueGenericSendFromISR
 .text.prvUnlockQueue
                0x000033f6       0x80 ./FreeRTOS/Sources/queue.o
 .text.xQueueGenericReceive
                0x00003476      0x198 ./FreeRTOS/Sources/queue.o
                0x00003476                xQueueGenericReceive
 .text.xQueueGenericSend
                0x0000360e      0x148 ./FreeRTOS/Sources/queue.o
                0x0000360e                xQueueGenericSend
 .text.xQueueCreate
                0x00003756       0xbe ./FreeRTOS/Sources/queue.o
                0x00003756                xQueueCreate
 .text.xQueueCreateCountingSemaphore
                0x00003814       0x18 ./FreeRTOS/Sources/queue.o
                0x00003814                xQueueCreateCountingSemaphore
 .text.vTaskSuspendAll
                0x0000382c        0xc ./FreeRTOS/Sources/tasks.o
                0x0000382c                vTaskSuspendAll
 .text.xTaskGetTickCount
                0x00003838       0x16 ./FreeRTOS/Sources/tasks.o
                0x00003838                xTaskGetTickCount
 .text.xTaskGetTickCountFromISR
                0x0000384e        0xc ./FreeRTOS/Sources/tasks.o
                0x0000384e                xTaskGetTickCountFromISR
 .text.uxTaskGetNumberOfTasks
                0x0000385a        0x6 ./FreeRTOS/Sources/tasks.o
                0x0000385a                uxTaskGetNumberOfTasks
 .text.vTaskSwitchContext
                0x00003860       0x84 ./FreeRTOS/Sources/tasks.o
                0x00003860                vTaskSwitchContext
 .text.vTaskSetTimeOutState
                0x000038e4       0x16 ./FreeRTOS/Sources/tasks.o
                0x000038e4                vTaskSetTimeOutState
 .text.xTaskCheckForTimeOut
                0x000038fa       0x74 ./FreeRTOS/Sources/tasks.o
                0x000038fa                xTaskCheckForTimeOut
 .text.vTaskMissedYield
                0x0000396e        0x8 ./FreeRTOS/Sources/tasks.o
                0x0000396e                vTaskMissedYield
 .text.xTaskRemoveFromEventList
                0x00003976       0x7e ./FreeRTOS/Sources/tasks.o
                0x00003976                xTaskRemoveFromEventList
 .text.vTaskIncrementTick
                0x000039f4      0x148 ./FreeRTOS/Sources/tasks.o
                0x000039f4                vTaskIncrementTick
 .text.prvAddCurrentTaskToDelayedList
                0x00003b3c       0x6e ./FreeRTOS/Sources/tasks.o
 .text.vTaskPlaceOnEventList
                0x00003baa       0x3a ./FreeRTOS/Sources/tasks.o
                0x00003baa                vTaskPlaceOnEventList
 .text.xTaskResumeAll
                0x00003be4       0xf6 ./FreeRTOS/Sources/tasks.o
                0x00003be4                xTaskResumeAll
 .text.vTaskDelay
                0x00003cda       0x4e ./FreeRTOS/Sources/tasks.o
                0x00003cda                vTaskDelay
 .text.vTaskDelayUntil
                0x00003d28       0x78 ./FreeRTOS/Sources/tasks.o
                0x00003d28                vTaskDelayUntil
 .text.vTaskDelete
                0x00003da0       0x9a ./FreeRTOS/Sources/tasks.o
                0x00003da0                vTaskDelete
 .text.vTaskEndScheduler
                0x00003e3a        0xc ./FreeRTOS/Sources/tasks.o
                0x00003e3a                vTaskEndScheduler
 .text.prvIdleTask
                0x00003e46       0x66 ./FreeRTOS/Sources/tasks.o
 .text.xTaskGenericCreate
                0x00003eac      0x1fe ./FreeRTOS/Sources/tasks.o
                0x00003eac                xTaskGenericCreate
 .text.vTaskStartScheduler
                0x000040aa       0x56 ./FreeRTOS/Sources/tasks.o
                0x000040aa                vTaskStartScheduler
 .text.Task2_ButtonCheck
                0x00004100       0x54 ./MyTasks.o
                0x00004100                Task2_ButtonCheck
 .text.Task1_LcdUpdate
                0x00004154       0xa6 ./MyTasks.o
                0x00004154                Task1_LcdUpdate
 .text.vInitEcu
                0x000041fa       0x34 ./main.o
                0x000041fa                vInitEcu
 .text.main     0x0000422e       0x72 ./main.o
                0x0000422e                main
 .text.libgcc   0x000042a0       0x28 c:/winavr-20100110/bin/../lib/gcc/avr/4.3.3/avr5\libgcc.a(_udivmodhi4.o)
                0x000042a0                __udivmodhi4
 .text.libgcc   0x000042c8        0x0 c:/winavr-20100110/bin/../lib/gcc/avr/4.3.3/avr5\libgcc.a(_exit.o)
 .text.libgcc   0x000042c8        0x0 c:/winavr-20100110/bin/../lib/gcc/avr/4.3.3/avr5\libgcc.a(_copy_data.o)
 .text.libgcc   0x000042c8        0x0 c:/winavr-20100110/bin/../lib/gcc/avr/4.3.3/avr5\libgcc.a(_clear_bss.o)
 .text.libgcc   0x000042c8       0x3e c:/winavr-20100110/bin/../lib/gcc/avr/4.3.3/avr5\libgcc.a(_mulsi3.o)
                0x000042c8                __mulsi3
 .text.libgcc   0x00004306       0x44 c:/winavr-20100110/bin/../lib/gcc/avr/4.3.3/avr5\libgcc.a(_udivmodsi4.o)
                0x00004306                __udivmodsi4
 .text.libgcc   0x0000434a       0x38 c:/winavr-20100110/bin/../lib/gcc/avr/4.3.3/avr5\libgcc.a(_prologue.o)
                0x0000434a                __prologue_saves__
 .text.libgcc   0x00004382       0x36 c:/winavr-20100110/bin/../lib/gcc/avr/4.3.3/avr5\libgcc.a(_epilogue.o)
                0x00004382                __epilogue_restores__
 .text.avr-libc
                0x000043b8       0x12 c:/winavr-20100110/bin/../lib/gcc/avr/4.3.3/../../../../avr/lib/avr5\libc.a(memcpy.o)
                0x000043b8                memcpy
 .text.avr-libc
                0x000043ca        0xe c:/winavr-20100110/bin/../lib/gcc/avr/4.3.3/../../../../avr/lib/avr5\libc.a(memset.o)
                0x000043ca                memset
 .text.avr-libc
                0x000043d8       0x1e c:/winavr-20100110/bin/../lib/gcc/avr/4.3.3/../../../../avr/lib/avr5\libc.a(strncpy.o)
                0x000043d8                strncpy
                0x000043f6                . = ALIGN (0x2)
 *(.fini9)
 .fini9         0x000043f6        0x0 c:/winavr-20100110/bin/../lib/gcc/avr/4.3.3/avr5\libgcc.a(_exit.o)
                0x000043f6                exit
                0x000043f6                _exit
 *(.fini9)
 *(.fini8)
 *(.fini8)
 *(.fini7)
 *(.fini7)
 *(.fini6)
 *(.fini6)
 *(.fini5)
 *(.fini5)
 *(.fini4)
 *(.fini4)
 *(.fini3)
 *(.fini3)
 *(.fini2)
 *(.fini2)
 *(.fini1)
 *(.fini1)
 *(.fini0)
 .fini0         0x000043f6        0x4 c:/winavr-20100110/bin/../lib/gcc/avr/4.3.3/avr5\libgcc.a(_exit.o)
 *(.fini0)
                0x000043fa                _etext = .

.data           0x00800060      0x130 load address 0x000043fa
                0x00800060                PROVIDE (__data_start, .)
 *(.data)
 .data          0x00800060        0x0 c:/winavr-20100110/bin/../lib/gcc/avr/4.3.3/../../../../avr/lib/avr5/crtm32.o
 .data          0x00800060        0x0 ./MCAL/DIO.o
 .data          0x00800060        0x0 ./MCAL/DIO_Lcfg.o
 .data          0x00800060        0x0 ./HAL/LCD.o
 .data          0x00800060        0x0 ./FreeRTOS/Sources/croutine.o
 .data          0x00800060        0x0 ./FreeRTOS/Sources/heap_1.o
 .data          0x00800060        0x0 ./FreeRTOS/Sources/list.o
 .data          0x00800060        0x0 ./FreeRTOS/Sources/port.o
 .data          0x00800060        0x0 ./FreeRTOS/Sources/queue.o
 .data          0x00800060        0x5 ./FreeRTOS/Sources/tasks.o
 .data          0x00800065        0x0 ./FreeRTOS/Sources/timers.o
 .data          0x00800065        0x8 ./MyTasks.o
 .data          0x0080006d        0x0 ./main.o
 .data          0x0080006d        0x0 c:/winavr-20100110/bin/../lib/gcc/avr/4.3.3/avr5\libgcc.a(_udivmodhi4.o)
 .data          0x0080006d        0x0 c:/winavr-20100110/bin/../lib/gcc/avr/4.3.3/avr5\libgcc.a(_exit.o)
 .data          0x0080006d        0x0 c:/winavr-20100110/bin/../lib/gcc/avr/4.3.3/avr5\libgcc.a(_copy_data.o)
 .data          0x0080006d        0x0 c:/winavr-20100110/bin/../lib/gcc/avr/4.3.3/avr5\libgcc.a(_clear_bss.o)
 .data          0x0080006d        0x0 c:/winavr-20100110/bin/../lib/gcc/avr/4.3.3/avr5\libgcc.a(_divdi3.o)
 .data          0x0080006d        0x0 c:/winavr-20100110/bin/../lib/gcc/avr/4.3.3/avr5\libgcc.a(_moddi3.o)
 .data          0x0080006d        0x0 c:/winavr-20100110/bin/../lib/gcc/avr/4.3.3/avr5\libgcc.a(_mulsi3.o)
 .data          0x0080006d        0x0 c:/winavr-20100110/bin/../lib/gcc/avr/4.3.3/avr5\libgcc.a(_udivmodsi4.o)
 .data          0x0080006d        0x0 c:/winavr-20100110/bin/../lib/gcc/avr/4.3.3/avr5\libgcc.a(_prologue.o)
 .data          0x0080006d        0x0 c:/winavr-20100110/bin/../lib/gcc/avr/4.3.3/avr5\libgcc.a(_epilogue.o)
 .data          0x0080006d      0x100 c:/winavr-20100110/bin/../lib/gcc/avr/4.3.3/avr5\libgcc.a(_clz.o)
                0x0080006d                __clz_tab
 .data          0x0080016d        0x0 c:/winavr-20100110/bin/../lib/gcc/avr/4.3.3/../../../../avr/lib/avr5\libc.a(memcpy.o)
 .data          0x0080016d        0x0 c:/winavr-20100110/bin/../lib/gcc/avr/4.3.3/../../../../avr/lib/avr5\libc.a(memset.o)
 .data          0x0080016d        0x0 c:/winavr-20100110/bin/../lib/gcc/avr/4.3.3/../../../../avr/lib/avr5\libc.a(strncpy.o)
 *(.data*)
 .data.xNextTaskUnblockTime
                0x0080016d        0x2 ./FreeRTOS/Sources/tasks.o
 *(.rodata)
 *(.rodata*)
 .rodata.PinsStatusArray
                0x0080016f       0x20 ./MCAL/DIO_Lcfg.o
                0x0080016f                PinsStatusArray
 *(.gnu.linkonce.d*)
                0x00800190                . = ALIGN (0x2)
 *fill*         0x0080018f        0x1 00
                0x00800190                _edata = .
                0x00800190                PROVIDE (__data_end, .)

.bss            0x00800190      0x425
                0x00800190                PROVIDE (__bss_start, .)
 *(.bss)
 .bss           0x00800190        0x0 c:/winavr-20100110/bin/../lib/gcc/avr/4.3.3/../../../../avr/lib/avr5/crtm32.o
 .bss           0x00800190        0x0 ./MCAL/DIO.o
 .bss           0x00800190        0x0 ./MCAL/DIO_Lcfg.o
 .bss           0x00800190        0x0 ./HAL/LCD.o
 .bss           0x00800190        0x0 ./FreeRTOS/Sources/croutine.o
 .bss           0x00800190        0x0 ./FreeRTOS/Sources/heap_1.o
 .bss           0x00800190        0x0 ./FreeRTOS/Sources/list.o
 .bss           0x00800190        0x0 ./FreeRTOS/Sources/port.o
 .bss           0x00800190        0x0 ./FreeRTOS/Sources/queue.o
 .bss           0x00800190        0x0 ./FreeRTOS/Sources/tasks.o
 .bss           0x00800190        0x0 ./FreeRTOS/Sources/timers.o
 .bss           0x00800190        0x0 ./MyTasks.o
 .bss           0x00800190        0x0 ./main.o
 .bss           0x00800190        0x0 c:/winavr-20100110/bin/../lib/gcc/avr/4.3.3/avr5\libgcc.a(_udivmodhi4.o)
 .bss           0x00800190        0x0 c:/winavr-20100110/bin/../lib/gcc/avr/4.3.3/avr5\libgcc.a(_exit.o)
 .bss           0x00800190        0x0 c:/winavr-20100110/bin/../lib/gcc/avr/4.3.3/avr5\libgcc.a(_copy_data.o)
 .bss           0x00800190        0x0 c:/winavr-20100110/bin/../lib/gcc/avr/4.3.3/avr5\libgcc.a(_clear_bss.o)
 .bss           0x00800190        0x0 c:/winavr-20100110/bin/../lib/gcc/avr/4.3.3/avr5\libgcc.a(_divdi3.o)
 .bss           0x00800190        0x0 c:/winavr-20100110/bin/../lib/gcc/avr/4.3.3/avr5\libgcc.a(_moddi3.o)
 .bss           0x00800190        0x0 c:/winavr-20100110/bin/../lib/gcc/avr/4.3.3/avr5\libgcc.a(_mulsi3.o)
 .bss           0x00800190        0x0 c:/winavr-20100110/bin/../lib/gcc/avr/4.3.3/avr5\libgcc.a(_udivmodsi4.o)
 .bss           0x00800190        0x0 c:/winavr-20100110/bin/../lib/gcc/avr/4.3.3/avr5\libgcc.a(_prologue.o)
 .bss           0x00800190        0x0 c:/winavr-20100110/bin/../lib/gcc/avr/4.3.3/avr5\libgcc.a(_epilogue.o)
 .bss           0x00800190        0x0 c:/winavr-20100110/bin/../lib/gcc/avr/4.3.3/avr5\libgcc.a(_clz.o)
 .bss           0x00800190        0x0 c:/winavr-20100110/bin/../lib/gcc/avr/4.3.3/../../../../avr/lib/avr5\libc.a(memcpy.o)
 .bss           0x00800190        0x0 c:/winavr-20100110/bin/../lib/gcc/avr/4.3.3/../../../../avr/lib/avr5\libc.a(memset.o)
 .bss           0x00800190        0x0 c:/winavr-20100110/bin/../lib/gcc/avr/4.3.3/../../../../avr/lib/avr5\libc.a(strncpy.o)
 *(.bss*)
 .bss.pxCurrentCoRoutine
                0x00800190        0x2 ./FreeRTOS/Sources/croutine.o
                0x00800190                pxCurrentCoRoutine
 .bss.uxTopCoRoutineReadyPriority
                0x00800192        0x1 ./FreeRTOS/Sources/croutine.o
 .bss.xLastTickCount
                0x00800193        0x2 ./FreeRTOS/Sources/croutine.o
 .bss.xPassedTicks
                0x00800195        0x2 ./FreeRTOS/Sources/croutine.o
 .bss.xCoRoutineTickCount
                0x00800197        0x2 ./FreeRTOS/Sources/croutine.o
 .bss.pxReadyCoRoutineLists
                0x00800199       0x12 ./FreeRTOS/Sources/croutine.o
 .bss.xDelayedCoRoutineList1
                0x008001ab        0x9 ./FreeRTOS/Sources/croutine.o
 .bss.xDelayedCoRoutineList2
                0x008001b4        0x9 ./FreeRTOS/Sources/croutine.o
 .bss.pxDelayedCoRoutineList
                0x008001bd        0x2 ./FreeRTOS/Sources/croutine.o
 .bss.pxOverflowDelayedCoRoutineList
                0x008001bf        0x2 ./FreeRTOS/Sources/croutine.o
 .bss.xPendingReadyCoRoutineList
                0x008001c1        0x9 ./FreeRTOS/Sources/croutine.o
 .bss.xNextFreeByte
                0x008001ca        0x2 ./FreeRTOS/Sources/heap_1.o
 .bss.xHeap     0x008001cc      0x384 ./FreeRTOS/Sources/heap_1.o
 .bss.pxCurrentTCB
                0x00800550        0x2 ./FreeRTOS/Sources/tasks.o
                0x00800550                pxCurrentTCB
 .bss.xMissedYield
                0x00800552        0x1 ./FreeRTOS/Sources/tasks.o
 .bss.xNumOfOverflows
                0x00800553        0x1 ./FreeRTOS/Sources/tasks.o
 .bss.xTickCount
                0x00800554        0x2 ./FreeRTOS/Sources/tasks.o
 .bss.uxSchedulerSuspended
                0x00800556        0x1 ./FreeRTOS/Sources/tasks.o
 .bss.uxTopReadyPriority
                0x00800557        0x1 ./FreeRTOS/Sources/tasks.o
 .bss.uxMissedTicks
                0x00800558        0x1 ./FreeRTOS/Sources/tasks.o
 .bss.uxCurrentNumberOfTasks
                0x00800559        0x1 ./FreeRTOS/Sources/tasks.o
 .bss.xSchedulerRunning
                0x0080055a        0x1 ./FreeRTOS/Sources/tasks.o
 .bss.uxTasksDeleted
                0x0080055b        0x1 ./FreeRTOS/Sources/tasks.o
 .bss.uxTaskNumber
                0x0080055c        0x1 ./FreeRTOS/Sources/tasks.o
 .bss.uxTopUsedPriority
                0x0080055d        0x1 ./FreeRTOS/Sources/tasks.o
 .bss.pxReadyTasksLists
                0x0080055e       0x2d ./FreeRTOS/Sources/tasks.o
 .bss.xDelayedTaskList1
                0x0080058b        0x9 ./FreeRTOS/Sources/tasks.o
 .bss.xDelayedTaskList2
                0x00800594        0x9 ./FreeRTOS/Sources/tasks.o
 .bss.pxDelayedTaskList
                0x0080059d        0x2 ./FreeRTOS/Sources/tasks.o
 .bss.pxOverflowDelayedTaskList
                0x0080059f        0x2 ./FreeRTOS/Sources/tasks.o
 .bss.xPendingReadyList
                0x008005a1        0x9 ./FreeRTOS/Sources/tasks.o
 .bss.xTasksWaitingTermination
                0x008005aa        0x9 ./FreeRTOS/Sources/tasks.o
 .bss.semSynch  0x008005b3        0x2 ./MyTasks.o
                0x008005b3                semSynch
 *(COMMON)
                0x008005b5                PROVIDE (__bss_end, .)
                0x000043fa                __data_load_start = LOADADDR (.data)
                0x0000452a                __data_load_end = (__data_load_start + SIZEOF (.data))

.noinit         0x008005b5        0x0
                0x008005b5                PROVIDE (__noinit_start, .)
 *(.noinit*)
                0x008005b5                PROVIDE (__noinit_end, .)
                0x008005b5                _end = .
                0x008005b5                PROVIDE (__heap_start, .)

.eeprom         0x00810000        0x0
 *(.eeprom*)
                0x00810000                __eeprom_end = .

.fuse
 *(.fuse)
 *(.lfuse)
 *(.hfuse)
 *(.efuse)

.lock
 *(.lock*)

.signature
 *(.signature*)

.stab
 *(.stab)

.stabstr
 *(.stabstr)

.stab.excl
 *(.stab.excl)

.stab.exclstr
 *(.stab.exclstr)

.stab.index
 *(.stab.index)

.stab.indexstr
 *(.stab.indexstr)

.comment
 *(.comment)

.debug
 *(.debug)

.line
 *(.line)

.debug_srcinfo
 *(.debug_srcinfo)

.debug_sfnames
 *(.debug_sfnames)

.debug_aranges  0x00000000       0x40
 *(.debug_aranges)
 .debug_aranges
                0x00000000       0x20 c:/winavr-20100110/bin/../lib/gcc/avr/4.3.3/avr5\libgcc.a(_divdi3.o)
 .debug_aranges
                0x00000020       0x20 c:/winavr-20100110/bin/../lib/gcc/avr/4.3.3/avr5\libgcc.a(_moddi3.o)

.debug_pubnames
                0x00000000       0x5e
 *(.debug_pubnames)
 .debug_pubnames
                0x00000000       0x1f c:/winavr-20100110/bin/../lib/gcc/avr/4.3.3/avr5\libgcc.a(_divdi3.o)
 .debug_pubnames
                0x0000001f       0x1f c:/winavr-20100110/bin/../lib/gcc/avr/4.3.3/avr5\libgcc.a(_moddi3.o)
 .debug_pubnames
                0x0000003e       0x20 c:/winavr-20100110/bin/../lib/gcc/avr/4.3.3/avr5\libgcc.a(_clz.o)

.debug_info     0x00000000      0xf80
 *(.debug_info)
 .debug_info    0x00000000      0x756 c:/winavr-20100110/bin/../lib/gcc/avr/4.3.3/avr5\libgcc.a(_divdi3.o)
 .debug_info    0x00000756      0x781 c:/winavr-20100110/bin/../lib/gcc/avr/4.3.3/avr5\libgcc.a(_moddi3.o)
 .debug_info    0x00000ed7       0xa9 c:/winavr-20100110/bin/../lib/gcc/avr/4.3.3/avr5\libgcc.a(_clz.o)
 *(.gnu.linkonce.wi.*)

.debug_abbrev   0x00000000      0x3a8
 *(.debug_abbrev)
 .debug_abbrev  0x00000000      0x19f c:/winavr-20100110/bin/../lib/gcc/avr/4.3.3/avr5\libgcc.a(_divdi3.o)
 .debug_abbrev  0x0000019f      0x19f c:/winavr-20100110/bin/../lib/gcc/avr/4.3.3/avr5\libgcc.a(_moddi3.o)
 .debug_abbrev  0x0000033e       0x6a c:/winavr-20100110/bin/../lib/gcc/avr/4.3.3/avr5\libgcc.a(_clz.o)

.debug_line     0x00000000      0x524
 *(.debug_line)
 .debug_line    0x00000000      0x228 c:/winavr-20100110/bin/../lib/gcc/avr/4.3.3/avr5\libgcc.a(_divdi3.o)
 .debug_line    0x00000228      0x280 c:/winavr-20100110/bin/../lib/gcc/avr/4.3.3/avr5\libgcc.a(_moddi3.o)
 .debug_line    0x000004a8       0x7c c:/winavr-20100110/bin/../lib/gcc/avr/4.3.3/avr5\libgcc.a(_clz.o)

.debug_frame    0x00000000       0x40
 *(.debug_frame)
 .debug_frame   0x00000000       0x20 c:/winavr-20100110/bin/../lib/gcc/avr/4.3.3/avr5\libgcc.a(_divdi3.o)
 .debug_frame   0x00000020       0x20 c:/winavr-20100110/bin/../lib/gcc/avr/4.3.3/avr5\libgcc.a(_moddi3.o)

.debug_str      0x00000000      0x145
 *(.debug_str)
 .debug_str     0x00000000      0x13c c:/winavr-20100110/bin/../lib/gcc/avr/4.3.3/avr5\libgcc.a(_divdi3.o)
                                0x189 (size before relaxing)
 .debug_str     0x0000013c        0x9 c:/winavr-20100110/bin/../lib/gcc/avr/4.3.3/avr5\libgcc.a(_moddi3.o)
                                0x189 (size before relaxing)
 .debug_str     0x00000000       0xf4 c:/winavr-20100110/bin/../lib/gcc/avr/4.3.3/avr5\libgcc.a(_clz.o)

.debug_loc      0x00000000     0x19f2
 *(.debug_loc)
 .debug_loc     0x00000000      0xe71 c:/winavr-20100110/bin/../lib/gcc/avr/4.3.3/avr5\libgcc.a(_divdi3.o)
 .debug_loc     0x00000e71      0xb81 c:/winavr-20100110/bin/../lib/gcc/avr/4.3.3/avr5\libgcc.a(_moddi3.o)

.debug_macinfo
 *(.debug_macinfo)
OUTPUT(G2310_P03_FreeRTOS_Semaphore.elf elf32-avr)
LOAD linker stubs

.debug_ranges   0x00000000       0x30
 .debug_ranges  0x00000000       0x18 c:/winavr-20100110/bin/../lib/gcc/avr/4.3.3/avr5\libgcc.a(_divdi3.o)
 .debug_ranges  0x00000018       0x18 c:/winavr-20100110/bin/../lib/gcc/avr/4.3.3/avr5\libgcc.a(_moddi3.o)
